------------------------------------------------------------
Timing Analyzer Summary
------------------------------------------------------------

Type  : Slow 1200mV 85C Model Setup 'clk'
Slack : -0.952
TNS   : -3.262

Type  : Slow 1200mV 85C Model Setup 'SCLK'
Slack : -0.319
TNS   : -2.514

Type  : Slow 1200mV 85C Model Hold 'clk'
Slack : 0.322
TNS   : 0.000

Type  : Slow 1200mV 85C Model Hold 'SCLK'
Slack : 0.323
TNS   : 0.000

Type  : Slow 1200mV 85C Model Recovery 'SCLK'
Slack : -0.462
TNS   : -2.310

Type  : Slow 1200mV 85C Model Removal 'SCLK'
Slack : 0.860
TNS   : 0.000

Type  : Slow 1200mV 85C Model Minimum Pulse Width 'SCLK'
Slack : -3.000
TNS   : -17.664

Type  : Slow 1200mV 85C Model Minimum Pulse Width 'clk'
Slack : -3.000
TNS   : -7.888

Type  : Slow 1200mV 0C Model Setup 'clk'
Slack : -0.767
TNS   : -2.560

Type  : Slow 1200mV 0C Model Setup 'SCLK'
Slack : -0.229
TNS   : -1.678

Type  : Slow 1200mV 0C Model Hold 'clk'
Slack : 0.292
TNS   : 0.000

Type  : Slow 1200mV 0C Model Hold 'SCLK'
Slack : 0.293
TNS   : 0.000

Type  : Slow 1200mV 0C Model Recovery 'SCLK'
Slack : -0.342
TNS   : -1.710

Type  : Slow 1200mV 0C Model Removal 'SCLK'
Slack : 0.800
TNS   : 0.000

Type  : Slow 1200mV 0C Model Minimum Pulse Width 'SCLK'
Slack : -3.000
TNS   : -17.664

Type  : Slow 1200mV 0C Model Minimum Pulse Width 'clk'
Slack : -3.000
TNS   : -7.888

Type  : Fast 1200mV 0C Model Setup 'clk'
Slack : 0.058
TNS   : 0.000

Type  : Fast 1200mV 0C Model Setup 'SCLK'
Slack : 0.370
TNS   : 0.000

Type  : Fast 1200mV 0C Model Hold 'SCLK'
Slack : 0.147
TNS   : 0.000

Type  : Fast 1200mV 0C Model Hold 'clk'
Slack : 0.147
TNS   : 0.000

Type  : Fast 1200mV 0C Model Recovery 'SCLK'
Slack : 0.277
TNS   : 0.000

Type  : Fast 1200mV 0C Model Removal 'SCLK'
Slack : 0.364
TNS   : 0.000

Type  : Fast 1200mV 0C Model Minimum Pulse Width 'SCLK'
Slack : -3.000
TNS   : -15.276

Type  : Fast 1200mV 0C Model Minimum Pulse Width 'clk'
Slack : -3.000
TNS   : -7.104

------------------------------------------------------------
