------------------------------------------------------------
Timing Analyzer Summary
------------------------------------------------------------

Type  : Slow 1200mV 85C Model Setup 'clk'
Slack : -0.819
TNS   : -0.819

Type  : Slow 1200mV 85C Model Hold 'clk'
Slack : 0.792
TNS   : 0.000

Type  : Slow 1200mV 85C Model Minimum Pulse Width 'clk'
Slack : -3.000
TNS   : -4.222

Type  : Slow 1200mV 85C Model Minimum Pulse Width 'BufferControl:BufferControl_U0|CurrentState'
Slack : -1.222
TNS   : -4.888

Type  : Slow 1200mV 0C Model Setup 'clk'
Slack : -0.579
TNS   : -0.579

Type  : Slow 1200mV 0C Model Hold 'clk'
Slack : 0.672
TNS   : 0.000

Type  : Slow 1200mV 0C Model Minimum Pulse Width 'clk'
Slack : -3.000
TNS   : -4.222

Type  : Slow 1200mV 0C Model Minimum Pulse Width 'BufferControl:BufferControl_U0|CurrentState'
Slack : -1.222
TNS   : -4.888

Type  : Fast 1200mV 0C Model Setup 'clk'
Slack : -0.343
TNS   : -0.343

Type  : Fast 1200mV 0C Model Hold 'clk'
Slack : 0.391
TNS   : 0.000

Type  : Fast 1200mV 0C Model Minimum Pulse Width 'clk'
Slack : -3.000
TNS   : -4.076

Type  : Fast 1200mV 0C Model Minimum Pulse Width 'BufferControl:BufferControl_U0|CurrentState'
Slack : -1.000
TNS   : -4.000

------------------------------------------------------------
